// Jest Snapshot v1, https://goo.gl/fbAQLP

exports[`Skeleton should render correctly 1`] = `ShallowWrapper {}`;
