// Jest Snapshot v1, https://goo.gl/fbAQLP

exports[`HeaderNavComponent should render correctly 1`] = `ShallowWrapper {}`;

exports[`List should render correctly 1`] = `ShallowWrapper {}`;
